MO debug NULL debug.v vlg37/debug.bin 1540906749
MO string NULL string.v vlg7B/string.bin 1540950830
MO splitter NULL splitter.v vlg3F/splitter.bin 1540569497
MO gray NULL gray.v vlg4B/gray.bin 1541046880
MO debug1 NULL debug1.v vlg44/debug1.bin 1541047463
MO debug_two_always NULL debug_two_always.v vlg3C/debug__two__always.bin 1540907663
